******************************************************************************
                  TI ARM Linker PC v20.2.5                     
******************************************************************************
>> Linked Mon Dec 16 20:32:02 2024

OUTPUT FILE NAME:   <LCDODEV.out>
ENTRY POINT SYMBOL: "_c_int00_noargs"  address: 000010ed


MEMORY CONFIGURATION

         name            origin    length      used     unused   attr    fill
----------------------  --------  ---------  --------  --------  ----  --------
  FLASH                 00000000   00040000  00001442  0003ebbe  R  X
  SRAM                  20000000   00008000  00000240  00007dc0  RW X


SEGMENT ALLOCATION MAP

run origin  load origin   length   init length attrs members
----------  ----------- ---------- ----------- ----- -------
00000000    00000000    00001448   00001448    r-x
  00000000    00000000    0000026c   0000026c    r-- .intvecs
  0000026c    0000026c    0000109a   0000109a    r-x .text
  00001308    00001308    000000fc   000000fc    r-- .const
  00001408    00001408    00000040   00000040    r-- .cinit
20000000    20000000    00000240   00000000    rw-
  20000000    20000000    00000200   00000000    rw- .stack
  20000200    20000200    00000028   00000000    rw- .data
  20000228    20000228    00000018   00000000    rw- .bss


SECTION ALLOCATION MAP

 output                                  attributes/
section   page    origin      length       input sections
--------  ----  ----------  ----------   ----------------
.intvecs   0    00000000    0000026c     
                  00000000    0000026c     tm4c123gh6pm_startup_ccs.obj (.intvecs)

.text      0    0000026c    0000109a     
                  0000026c    00000554     main.obj (.text)
                  000007c0    000002bc     seriportlcd.obj (.text)
                  00000a7c    00000132     driverlib.lib : gpio.obj (.text:GPIOPadConfigSet)
                  00000bae    00000002     --HOLE-- [fill = 0]
                  00000bb0    00000110                   : sysctl.obj (.text:SysCtlClockGet)
                  00000cc0    000000f4                   : sysctl.obj (.text:SysCtlClockSet)
                  00000db4    0000009c     rtsv7M4_T_le_v4SPD16_eabi.lib : memcpy_t2.asm.obj (.text)
                  00000e50    0000007a     driverlib.lib : adc.obj (.text:ADCSequenceStepConfigure)
                  00000eca    00000068     rtsv7M4_T_le_v4SPD16_eabi.lib : copy_decompress_lzss.c.obj (.text:decompress:lzss:__TI_decompress_lzss)
                  00000f32    00000002     --HOLE-- [fill = 0]
                  00000f34    00000060     driverlib.lib : timer.obj (.text:TimerConfigure)
                  00000f94    00000050                   : adc.obj (.text:ADCSequenceConfigure)
                  00000fe4    00000048                   : gpio.obj (.text:GPIOPinConfigure)
                  0000102c    00000046                   : uart.obj (.text:UARTConfigSetExpClk)
                  00001072    00000002     --HOLE-- [fill = 0]
                  00001074    00000044     rtsv7M4_T_le_v4SPD16_eabi.lib : autoinit.c.obj (.text:__TI_auto_init_nobinit_nopinit:__TI_auto_init_nobinit_nopinit)
                  000010b8    00000034     driverlib.lib : sysctl.obj (.text:SysCtlPeripheralEnable)
                  000010ec    00000034     rtsv7M4_T_le_v4SPD16_eabi.lib : boot_cortex_m.c.obj (.text:_c_int00_noargs:_c_int00_noargs)
                  00001120    0000002e     driverlib.lib : adc.obj (.text:ADCIntStatus)
                  0000114e    0000002a                   : gpio.obj (.text:GPIODirModeSet)
                  00001178    00000020                   : uart.obj (.text:UARTDisable)
                  00001198    0000001e                   : adc.obj (.text:ADCSequenceDataGet)
                  000011b6    0000001c     rtsv7M4_T_le_v4SPD16_eabi.lib : copy_zero_init.c.obj (.text:decompress:ZI:__TI_zero_init_nomemset:__TI_zero_init_nomemset)
                  000011d2    00000018     driverlib.lib : adc.obj (.text:ADCProcessorTrigger)
                  000011ea    00000018                   : gpio.obj (.text:GPIOPinTypeGPIOOutput)
                  00001202    00000002     --HOLE-- [fill = 0]
                  00001204    00000018                   : timer.obj (.text:TimerDisable)
                  0000121c    00000014                   : uart.obj (.text:UARTEnable)
                  00001230    00000012                   : gpio.obj (.text:GPIOPinTypeGPIOInput)
                  00001242    00000012                   : gpio.obj (.text:GPIOPinTypeUART)
                  00001254    00000012                   : timer.obj (.text:TimerLoadSet)
                  00001266    0000000e                   : adc.obj (.text:ADCSequenceEnable)
                  00001274    0000000e                   : gpio.obj (.text:GPIOIntStatus)
                  00001282    0000000e                   : timer.obj (.text:TimerEnable)
                  00001290    0000000e                   : uart.obj (.text:UARTCharsAvail)
                  0000129e    0000000e     rtsv7M4_T_le_v4SPD16_eabi.lib : copy_decompress_none.c.obj (.text:decompress:none:__TI_decompress_none)
                  000012ac    0000000c     tm4c123gh6pm_startup_ccs.obj (.text)
                  000012b8    0000000a     driverlib.lib : adc.obj (.text:ADCIntClear)
                  000012c2    0000000a                   : timer.obj (.text:TimerIntStatus)
                  000012cc    0000000a                   : uart.obj (.text:UARTCharGet)
                  000012d6    0000000a                   : uart.obj (.text:UARTCharPut)
                  000012e0    00000008                   : timer.obj (.text:TimerIntEnable)
                  000012e8    00000006                   : gpio.obj (.text:GPIOIntClear)
                  000012ee    00000006                   : gpio.obj (.text:GPIOPinWrite)
                  000012f4    00000006                   : sysctl.obj (.text:SysCtlDelay)
                  000012fa    00000004                   : timer.obj (.text:TimerIntClear)
                  000012fe    00000004     rtsv7M4_T_le_v4SPD16_eabi.lib : pre_init.c.obj (.text:_system_pre_init)
                  00001302    00000004                                   : exit.c.obj (.text:abort:abort)

.const     0    00001308    000000fc     
                  00001308    00000090     driverlib.lib : gpio.obj (.const:g_pui32GPIOBaseAddrs)
                  00001398    0000006c                   : sysctl.obj (.const:g_pui32Xtals)

.cinit     0    00001408    00000040     
                  00001408    00000018     (.cinit..data.load) [load image, compression = lzss]
                  00001420    0000000c     (__TI_handler_table)
                  0000142c    00000004     --HOLE-- [fill = 0]
                  00001430    00000008     (.cinit..bss.load) [load image, compression = zero_init]
                  00001438    00000010     (__TI_cinit_table)

.init_array 
*          0    00000000    00000000     UNINITIALIZED

.data      0    20000200    00000028     UNINITIALIZED
                  20000200    00000020     main.obj (.data:saatdizi)
                  20000220    00000008     main.obj (.data)

.bss       0    20000228    00000018     UNINITIALIZED
                  20000228    00000010     (.common:adcdata)
                  20000238    00000004     (.common:gelenveri)
                  2000023c    00000004     (.common:timerkesmesi)

.stack     0    20000000    00000200     UNINITIALIZED
                  20000000    00000004     rtsv7M4_T_le_v4SPD16_eabi.lib : boot_cortex_m.c.obj (.stack)
                  20000004    000001fc     --HOLE--

__llvm_prf_cnts 
*          0    20000000    00000000     UNINITIALIZED

MODULE SUMMARY

       Module                         code   ro data   rw data
       ------                         ----   -------   -------
    .\
       main.obj                       1364   0         64     
       seriportlcd.obj                700    0         0      
       tm4c123gh6pm_startup_ccs.obj   12     620       0      
    +--+------------------------------+------+---------+---------+
       Total:                         2076   620       64     
                                                              
    C:/ti/TivaWare_C_Series-2.1.4.178/driverlib/ccs/Debug/driverlib.lib
       sysctl.obj                     574    108       0      
       gpio.obj                       506    144       0      
       adc.obj                        326    0         0      
       timer.obj                      174    0         0      
       uart.obj                       156    0         0      
    +--+------------------------------+------+---------+---------+
       Total:                         1736   252       0      
                                                              
    C:\ti\ccs1120\ccs\tools\compiler\ti-cgt-arm_20.2.5.LTS\lib\rtsv7M4_T_le_v4SPD16_eabi.lib
       memcpy_t2.asm.obj              156    0         0      
       copy_decompress_lzss.c.obj     104    0         0      
       autoinit.c.obj                 68     0         0      
       boot_cortex_m.c.obj            52     0         0      
       copy_zero_init.c.obj           28     0         0      
       copy_decompress_none.c.obj     14     0         0      
       exit.c.obj                     4      0         0      
       pre_init.c.obj                 4      0         0      
    +--+------------------------------+------+---------+---------+
       Total:                         430    0         0      
                                                              
       Stack:                         0      0         512    
       Linker Generated:              0      60        0      
    +--+------------------------------+------+---------+---------+
       Grand Total:                   4242   932       576    


LINKER GENERATED COPY TABLES

__TI_cinit_table @ 00001438 records: 2, size/record: 8, table size: 16
	.data: load addr=00001408, load size=00000018 bytes, run addr=20000200, run size=00000028 bytes, compression=lzss
	.bss: load addr=00001430, load size=00000008 bytes, run addr=20000228, run size=00000018 bytes, compression=zero_init


LINKER GENERATED HANDLER TABLE

__TI_handler_table @ 00001420 records: 3, size/record: 4, table size: 12
	index: 0, handler: __TI_decompress_lzss
	index: 1, handler: __TI_decompress_none
	index: 2, handler: __TI_zero_init


GLOBAL SYMBOLS: SORTED ALPHABETICALLY BY Name 

address   name                          
-------   ----                          
000012b9  ADCIntClear                   
00001121  ADCIntStatus                  
000011d3  ADCProcessorTrigger           
00000f95  ADCSequenceConfigure          
00001199  ADCSequenceDataGet            
00001267  ADCSequenceEnable             
00000e51  ADCSequenceStepConfigure      
00001303  C$$EXIT                       
0000114f  GPIODirModeSet                
000012e9  GPIOIntClear                  
00001275  GPIOIntStatus                 
00000a7d  GPIOPadConfigSet              
00000fe5  GPIOPinConfigure              
00001231  GPIOPinTypeGPIOInput          
000011eb  GPIOPinTypeGPIOOutput         
00001243  GPIOPinTypeUART               
000012ef  GPIOPinWrite                  
00000983  LCD_sil                       
000012ad  ResetISR                      
00000699  SetInitSettings               
00000bb1  SysCtlClockGet                
00000cc1  SysCtlClockSet                
000012f5  SysCtlDelay                   
000010b9  SysCtlPeripheralEnable        
00000f35  TimerConfigure                
00001205  TimerDisable                  
00001283  TimerEnable                   
000012fb  TimerIntClear                 
000012e1  TimerIntEnable                
000012c3  TimerIntStatus                
00001255  TimerLoadSet                  
000012cd  UARTCharGet                   
000012d7  UARTCharPut                   
00001291  UARTCharsAvail                
0000102d  UARTConfigSetExpClk           
00001179  UARTDisable                   
0000121d  UARTEnable                    
20000200  __STACK_END                   
00000200  __STACK_SIZE                  
20000200  __STACK_TOP                   
00001438  __TI_CINIT_Base               
00001448  __TI_CINIT_Limit              
00001420  __TI_Handler_Table_Base       
0000142c  __TI_Handler_Table_Limit      
00001075  __TI_auto_init_nobinit_nopinit
00000ecb  __TI_decompress_lzss          
0000129f  __TI_decompress_none          
ffffffff  __TI_pprof_out_hndl           
ffffffff  __TI_prof_data_size           
ffffffff  __TI_prof_data_start          
00000000  __TI_static_base__            
000011b7  __TI_zero_init_nomemset       
00000db5  __aeabi_memcpy                
00000db5  __aeabi_memcpy4               
00000db5  __aeabi_memcpy8               
ffffffff  __binit__                     
ffffffff  __c_args__                    
UNDEFED   __mpu_init                    
20000000  __stack                       
20000000  __start___llvm_prf_cnts       
20000000  __stop___llvm_prf_cnts        
000010ed  _c_int00_noargs               
UNDEFED   _system_post_cinit            
000012ff  _system_pre_init              
00001303  abort                         
20000228  adcdata                       
000003bb  adcseridengonder              
000007c1  baslangic                     
ffffffff  binit                         
00000000  g_pfnVectors                  
20000224  gelensaatno                   
20000238  gelenveri                     
000008b5  komut_yaz                     
0000034f  lcdyeSaatYaz                  
0000026d  main                          
00000db5  memcpy                        
00000541  pcyesaatgonder                
00000a33  portfkesmesifonksiyonu        
20000200  saatdizi                      
000005a9  saatkontrol                   
20000220  saatmi                        
00000939  satir_sutun                   
2000023c  timerkesmesi                  
00000993  veri                          
00000a17  veri_yaz                      


GLOBAL SYMBOLS: SORTED BY Symbol Address 

address   name                          
-------   ----                          
00000000  __TI_static_base__            
00000000  g_pfnVectors                  
00000200  __STACK_SIZE                  
0000026d  main                          
0000034f  lcdyeSaatYaz                  
000003bb  adcseridengonder              
00000541  pcyesaatgonder                
000005a9  saatkontrol                   
00000699  SetInitSettings               
000007c1  baslangic                     
000008b5  komut_yaz                     
00000939  satir_sutun                   
00000983  LCD_sil                       
00000993  veri                          
00000a17  veri_yaz                      
00000a33  portfkesmesifonksiyonu        
00000a7d  GPIOPadConfigSet              
00000bb1  SysCtlClockGet                
00000cc1  SysCtlClockSet                
00000db5  __aeabi_memcpy                
00000db5  __aeabi_memcpy4               
00000db5  __aeabi_memcpy8               
00000db5  memcpy                        
00000e51  ADCSequenceStepConfigure      
00000ecb  __TI_decompress_lzss          
00000f35  TimerConfigure                
00000f95  ADCSequenceConfigure          
00000fe5  GPIOPinConfigure              
0000102d  UARTConfigSetExpClk           
00001075  __TI_auto_init_nobinit_nopinit
000010b9  SysCtlPeripheralEnable        
000010ed  _c_int00_noargs               
00001121  ADCIntStatus                  
0000114f  GPIODirModeSet                
00001179  UARTDisable                   
00001199  ADCSequenceDataGet            
000011b7  __TI_zero_init_nomemset       
000011d3  ADCProcessorTrigger           
000011eb  GPIOPinTypeGPIOOutput         
00001205  TimerDisable                  
0000121d  UARTEnable                    
00001231  GPIOPinTypeGPIOInput          
00001243  GPIOPinTypeUART               
00001255  TimerLoadSet                  
00001267  ADCSequenceEnable             
00001275  GPIOIntStatus                 
00001283  TimerEnable                   
00001291  UARTCharsAvail                
0000129f  __TI_decompress_none          
000012ad  ResetISR                      
000012b9  ADCIntClear                   
000012c3  TimerIntStatus                
000012cd  UARTCharGet                   
000012d7  UARTCharPut                   
000012e1  TimerIntEnable                
000012e9  GPIOIntClear                  
000012ef  GPIOPinWrite                  
000012f5  SysCtlDelay                   
000012fb  TimerIntClear                 
000012ff  _system_pre_init              
00001303  C$$EXIT                       
00001303  abort                         
00001420  __TI_Handler_Table_Base       
0000142c  __TI_Handler_Table_Limit      
00001438  __TI_CINIT_Base               
00001448  __TI_CINIT_Limit              
20000000  __stack                       
20000000  __start___llvm_prf_cnts       
20000000  __stop___llvm_prf_cnts        
20000200  __STACK_END                   
20000200  __STACK_TOP                   
20000200  saatdizi                      
20000220  saatmi                        
20000224  gelensaatno                   
20000228  adcdata                       
20000238  gelenveri                     
2000023c  timerkesmesi                  
ffffffff  __TI_pprof_out_hndl           
ffffffff  __TI_prof_data_size           
ffffffff  __TI_prof_data_start          
ffffffff  __binit__                     
ffffffff  __c_args__                    
ffffffff  binit                         
UNDEFED   __mpu_init                    
UNDEFED   _system_post_cinit            

[85 symbols]
