******************************************************************************
                  TI ARM Linker PC v20.2.5                     
******************************************************************************
>> Linked Fri Nov 22 21:59:08 2024

OUTPUT FILE NAME:   <LCD.out>
ENTRY POINT SYMBOL: "_c_int00_noargs"  address: 000010b9


MEMORY CONFIGURATION

         name            origin    length      used     unused   attr    fill
----------------------  --------  ---------  --------  --------  ----  --------
  FLASH                 00000000   00040000  000013e4  0003ec1c  R  X
  SRAM                  20000000   00008000  0000046c  00007b94  RW X


SEGMENT ALLOCATION MAP

run origin  load origin   length   init length attrs members
----------  ----------- ---------- ----------- ----- -------
00000000    00000000    000013e4   000013e4    r-x
  00000000    00000000    0000026c   0000026c    r-- .intvecs
  0000026c    0000026c    00000ecc   00000ecc    r-x .text
  00001138    00001138    00000298   00000298    r-- .const
  000013d0    000013d0    00000014   00000014    r-- .cinit
20000000    20000000    00000470   00000000    rw-
  20000000    20000000    0000026c   00000000    rw- .vtable
  20000270    20000270    00000200   00000000    rw- .stack


SECTION ALLOCATION MAP

 output                                  attributes/
section   page    origin      length       input sections
--------  ----  ----------  ----------   ----------------
.intvecs   0    00000000    0000026c     
                  00000000    0000026c     tm4c123gh6pm_startup_ccs.obj (.intvecs)

.text      0    0000026c    00000ecc     
                  0000026c    00000bdc     main.obj (.text)
                  00000e48    000000f4     driverlib.lib : sysctl.obj (.text:SysCtlClockSet)
                  00000f3c    00000068                   : interrupt.obj (.text:IntDisable)
                  00000fa4    00000068                   : interrupt.obj (.text:IntEnable)
                  0000100c    00000044     rtsv7M4_T_le_v4SPD16_eabi.lib : autoinit.c.obj (.text:__TI_auto_init_nobinit_nopinit:__TI_auto_init_nobinit_nopinit)
                  00001050    00000034     driverlib.lib : interrupt.obj (.text:IntRegister)
                  00001084    00000034                   : sysctl.obj (.text:SysCtlPeripheralEnable)
                  000010b8    00000034     rtsv7M4_T_le_v4SPD16_eabi.lib : boot_cortex_m.c.obj (.text:_c_int00_noargs:_c_int00_noargs)
                  000010ec    0000001c                                   : copy_zero_init.c.obj (.text:decompress:ZI:__TI_zero_init_nomemset:__TI_zero_init_nomemset)
                  00001108    00000014     driverlib.lib : interrupt.obj (.text:IntUnregister)
                  0000111c    0000000c     tm4c123gh6pm_startup_ccs.obj (.text)
                  00001128    00000006     driverlib.lib : sysctl.obj (.text:SysCtlDelay)
                  0000112e    00000004     rtsv7M4_T_le_v4SPD16_eabi.lib : pre_init.c.obj (.text:_system_pre_init)
                  00001132    00000004                                   : exit.c.obj (.text:abort:abort)
                  00001136    00000002     driverlib.lib : interrupt.obj (.text:_IntDefaultHandler)

.const     0    00001138    00000298     
                  00001138    000000d8     main.obj (.const:g_ppui32GPIOIntMapSnowflake)
                  00001210    000000c0     main.obj (.const:g_ppui32GPIOIntMapBlizzard)
                  000012d0    00000090     main.obj (.const:g_pui32GPIOBaseAddrs)
                  00001360    00000070     driverlib.lib : interrupt.obj (.const)

.cinit     0    000013d0    00000014     
                  000013d0    00000008     (.cinit..vtable.load) [load image, compression = zero_init]
                  000013d8    00000004     (__TI_handler_table)
                  000013dc    00000008     (__TI_cinit_table)

.init_array 
*          0    00000000    00000000     UNINITIALIZED

.vtable    0    20000000    0000026c     UNINITIALIZED
                  20000000    0000026c     driverlib.lib : interrupt.obj (.vtable)

.stack     0    20000270    00000200     UNINITIALIZED
                  20000270    00000004     rtsv7M4_T_le_v4SPD16_eabi.lib : boot_cortex_m.c.obj (.stack)
                  20000274    000001fc     --HOLE--

__llvm_prf_cnts 
*          0    20000000    00000000     UNINITIALIZED

MODULE SUMMARY

       Module                         code   ro data   rw data
       ------                         ----   -------   -------
    .\
       main.obj                       3036   552       0      
       tm4c123gh6pm_startup_ccs.obj   12     620       0      
    +--+------------------------------+------+---------+---------+
       Total:                         3048   1172      0      
                                                              
    C:/ti/TivaWare_C_Series-2.1.4.178/driverlib/ccs/Debug/driverlib.lib
       interrupt.obj                  282    112       620    
       sysctl.obj                     302    0         0      
    +--+------------------------------+------+---------+---------+
       Total:                         584    112       620    
                                                              
    C:\ti\ccs1120\ccs\tools\compiler\ti-cgt-arm_20.2.5.LTS\lib\rtsv7M4_T_le_v4SPD16_eabi.lib
       autoinit.c.obj                 68     0         0      
       boot_cortex_m.c.obj            52     0         0      
       copy_zero_init.c.obj           28     0         0      
       exit.c.obj                     4      0         0      
       pre_init.c.obj                 4      0         0      
    +--+------------------------------+------+---------+---------+
       Total:                         156    0         0      
                                                              
       Stack:                         0      0         512    
       Linker Generated:              0      20        0      
    +--+------------------------------+------+---------+---------+
       Grand Total:                   3788   1304      1132   


LINKER GENERATED COPY TABLES

__TI_cinit_table @ 000013dc records: 1, size/record: 8, table size: 8
	.vtable: load addr=000013d0, load size=00000008 bytes, run addr=20000000, run size=0000026c bytes, compression=zero_init


LINKER GENERATED HANDLER TABLE

__TI_handler_table @ 000013d8 records: 1, size/record: 4, table size: 4
	index: 0, handler: __TI_zero_init


GLOBAL SYMBOLS: SORTED ALPHABETICALLY BY Name 

address   name                          
-------   ----                          
00001133  C$$EXIT                       
00000dd9  GPIOADCTriggerDisable         
00000dbb  GPIOADCTriggerEnable          
00000d9d  GPIODMATriggerDisable         
00000d7f  GPIODMATriggerEnable          
00000327  GPIODirModeGet                
000002cb  GPIODirModeSet                
0000088f  GPIOIntClear                  
00000853  GPIOIntDisable                
00000839  GPIOIntEnable                 
000008a3  GPIOIntRegister               
000008db  GPIOIntRegisterPin            
0000086d  GPIOIntStatus                 
00000417  GPIOIntTypeGet                
00000373  GPIOIntTypeSet                
000008c1  GPIOIntUnregister             
00000909  GPIOIntUnregisterPin          
000006e7  GPIOPadConfigGet              
000004ad  GPIOPadConfigSet              
00000d21  GPIOPinConfigure              
0000092d  GPIOPinRead                   
00000965  GPIOPinTypeADC                
00000989  GPIOPinTypeCAN                
000009ad  GPIOPinTypeComparator         
000009d1  GPIOPinTypeComparatorOutput   
000009f5  GPIOPinTypeDIVSCLK            
00000a19  GPIOPinTypeEPI                
00000a3d  GPIOPinTypeEthernetLED        
00000a61  GPIOPinTypeEthernetMII        
00000a85  GPIOPinTypeGPIOInput          
00000aa9  GPIOPinTypeGPIOOutput         
00000acd  GPIOPinTypeGPIOOutputOD       
00000af1  GPIOPinTypeHibernateRTCCLK    
00000b15  GPIOPinTypeI2C                
00000b39  GPIOPinTypeI2CSCL             
00000b5d  GPIOPinTypeLCD                
00000b81  GPIOPinTypeOneWire            
00000ba5  GPIOPinTypePWM                
00000bc9  GPIOPinTypeQEI                
00000bed  GPIOPinTypeSSI                
00000c11  GPIOPinTypeTimer              
00000c35  GPIOPinTypeTrace              
00000c59  GPIOPinTypeUART               
00000c7d  GPIOPinTypeUSBAnalog          
00000ca1  GPIOPinTypeUSBDigital         
00000cc5  GPIOPinTypeWakeHigh           
00000ceb  GPIOPinTypeWakeLow            
00000d11  GPIOPinWakeStatus             
00000945  GPIOPinWrite                  
00000f3d  IntDisable                    
00000fa5  IntEnable                     
00001051  IntRegister                   
00001109  IntUnregister                 
0000111d  ResetISR                      
00000e49  SysCtlClockSet                
00001129  SysCtlDelay                   
00001085  SysCtlPeripheralEnable        
20000470  __STACK_END                   
00000200  __STACK_SIZE                  
20000470  __STACK_TOP                   
000013dc  __TI_CINIT_Base               
000013e4  __TI_CINIT_Limit              
000013d8  __TI_Handler_Table_Base       
000013dc  __TI_Handler_Table_Limit      
0000100d  __TI_auto_init_nobinit_nopinit
ffffffff  __TI_pprof_out_hndl           
ffffffff  __TI_prof_data_size           
ffffffff  __TI_prof_data_start          
00000000  __TI_static_base__            
000010ed  __TI_zero_init_nomemset       
ffffffff  __binit__                     
ffffffff  __c_args__                    
UNDEFED   __mpu_init                    
20000270  __stack                       
20000000  __start___llvm_prf_cnts       
20000000  __stop___llvm_prf_cnts        
000010b9  _c_int00_noargs               
UNDEFED   _system_post_cinit            
0000112f  _system_pre_init              
00001133  abort                         
ffffffff  binit                         
20000000  g_pfnRAMVectors               
00000000  g_pfnVectors                  
00000df7  main                          


GLOBAL SYMBOLS: SORTED BY Symbol Address 

address   name                          
-------   ----                          
00000000  __TI_static_base__            
00000000  g_pfnVectors                  
00000200  __STACK_SIZE                  
000002cb  GPIODirModeSet                
00000327  GPIODirModeGet                
00000373  GPIOIntTypeSet                
00000417  GPIOIntTypeGet                
000004ad  GPIOPadConfigSet              
000006e7  GPIOPadConfigGet              
00000839  GPIOIntEnable                 
00000853  GPIOIntDisable                
0000086d  GPIOIntStatus                 
0000088f  GPIOIntClear                  
000008a3  GPIOIntRegister               
000008c1  GPIOIntUnregister             
000008db  GPIOIntRegisterPin            
00000909  GPIOIntUnregisterPin          
0000092d  GPIOPinRead                   
00000945  GPIOPinWrite                  
00000965  GPIOPinTypeADC                
00000989  GPIOPinTypeCAN                
000009ad  GPIOPinTypeComparator         
000009d1  GPIOPinTypeComparatorOutput   
000009f5  GPIOPinTypeDIVSCLK            
00000a19  GPIOPinTypeEPI                
00000a3d  GPIOPinTypeEthernetLED        
00000a61  GPIOPinTypeEthernetMII        
00000a85  GPIOPinTypeGPIOInput          
00000aa9  GPIOPinTypeGPIOOutput         
00000acd  GPIOPinTypeGPIOOutputOD       
00000af1  GPIOPinTypeHibernateRTCCLK    
00000b15  GPIOPinTypeI2C                
00000b39  GPIOPinTypeI2CSCL             
00000b5d  GPIOPinTypeLCD                
00000b81  GPIOPinTypeOneWire            
00000ba5  GPIOPinTypePWM                
00000bc9  GPIOPinTypeQEI                
00000bed  GPIOPinTypeSSI                
00000c11  GPIOPinTypeTimer              
00000c35  GPIOPinTypeTrace              
00000c59  GPIOPinTypeUART               
00000c7d  GPIOPinTypeUSBAnalog          
00000ca1  GPIOPinTypeUSBDigital         
00000cc5  GPIOPinTypeWakeHigh           
00000ceb  GPIOPinTypeWakeLow            
00000d11  GPIOPinWakeStatus             
00000d21  GPIOPinConfigure              
00000d7f  GPIODMATriggerEnable          
00000d9d  GPIODMATriggerDisable         
00000dbb  GPIOADCTriggerEnable          
00000dd9  GPIOADCTriggerDisable         
00000df7  main                          
00000e49  SysCtlClockSet                
00000f3d  IntDisable                    
00000fa5  IntEnable                     
0000100d  __TI_auto_init_nobinit_nopinit
00001051  IntRegister                   
00001085  SysCtlPeripheralEnable        
000010b9  _c_int00_noargs               
000010ed  __TI_zero_init_nomemset       
00001109  IntUnregister                 
0000111d  ResetISR                      
00001129  SysCtlDelay                   
0000112f  _system_pre_init              
00001133  C$$EXIT                       
00001133  abort                         
000013d8  __TI_Handler_Table_Base       
000013dc  __TI_CINIT_Base               
000013dc  __TI_Handler_Table_Limit      
000013e4  __TI_CINIT_Limit              
20000000  __start___llvm_prf_cnts       
20000000  __stop___llvm_prf_cnts        
20000000  g_pfnRAMVectors               
20000270  __stack                       
20000470  __STACK_END                   
20000470  __STACK_TOP                   
ffffffff  __TI_pprof_out_hndl           
ffffffff  __TI_prof_data_size           
ffffffff  __TI_prof_data_start          
ffffffff  __binit__                     
ffffffff  __c_args__                    
ffffffff  binit                         
UNDEFED   __mpu_init                    
UNDEFED   _system_post_cinit            

[84 symbols]
