******************************************************************************
                  TI ARM Linker PC v20.2.5                     
******************************************************************************
>> Linked Fri Jan 17 15:22:21 2025

OUTPUT FILE NAME:   <ornek.out>
ENTRY POINT SYMBOL: "_c_int00_noinit_noargs"  address: 00000629


MEMORY CONFIGURATION

         name            origin    length      used     unused   attr    fill
----------------------  --------  ---------  --------  --------  ----  --------
  FLASH                 00000000   00040000  000006b6  0003f94a  R  X
  SRAM                  20000000   00008000  00000200  00007e00  RW X


SEGMENT ALLOCATION MAP

run origin  load origin   length   init length attrs members
----------  ----------- ---------- ----------- ----- -------
00000000    00000000    000006b6   000006b6    r-x
  00000000    00000000    0000026c   0000026c    r-- .intvecs
  0000026c    0000026c    0000044a   0000044a    r-x .text
20000000    20000000    00000200   00000000    rw-
  20000000    20000000    00000200   00000000    rw- .stack


SECTION ALLOCATION MAP

 output                                  attributes/
section   page    origin      length       input sections
--------  ----  ----------  ----------   ----------------
.intvecs   0    00000000    0000026c     
                  00000000    0000026c     tm4c123gh6pm_startup_ccs.obj (.intvecs)

.text      0    0000026c    0000044a     
                  0000026c    00000160     main.obj (.text)
                  000003cc    00000132     driverlib.lib : gpio.obj (.text:GPIOPadConfigSet)
                  000004fe    00000002     --HOLE-- [fill = 0]
                  00000500    000000f4                   : sysctl.obj (.text:SysCtlClockSet)
                  000005f4    00000034                   : sysctl.obj (.text:SysCtlPeripheralEnable)
                  00000628    0000002c     rtsv7M4_T_le_v4SPD16_eabi.lib : boot_cortex_m.c.obj (.text:_c_int00_noinit_noargs:_c_int00_noinit_noargs)
                  00000654    0000002a     driverlib.lib : gpio.obj (.text:GPIODirModeSet)
                  0000067e    00000018                   : gpio.obj (.text:GPIOPinTypeGPIOOutput)
                  00000696    0000000c     tm4c123gh6pm_startup_ccs.obj (.text)
                  000006a2    00000006     driverlib.lib : gpio.obj (.text:GPIOPinWrite)
                  000006a8    00000006                   : sysctl.obj (.text:SysCtlDelay)
                  000006ae    00000004     rtsv7M4_T_le_v4SPD16_eabi.lib : pre_init.c.obj (.text:_system_pre_init)
                  000006b2    00000004                                   : exit.c.obj (.text:abort:abort)

.cinit     0    00000000    00000000     UNINITIALIZED

.init_array 
*          0    00000000    00000000     UNINITIALIZED

.stack     0    20000000    00000200     UNINITIALIZED
                  20000000    00000004     rtsv7M4_T_le_v4SPD16_eabi.lib : boot_cortex_m.c.obj (.stack)
                  20000004    000001fc     --HOLE--

__llvm_prf_cnts 
*          0    20000000    00000000     UNINITIALIZED

MODULE SUMMARY

       Module                         code   ro data   rw data
       ------                         ----   -------   -------
    .\
       tm4c123gh6pm_startup_ccs.obj   12     620       0      
       main.obj                       352    0         0      
    +--+------------------------------+------+---------+---------+
       Total:                         364    620       0      
                                                              
    C:/ti/TivaWare_C_Series-2.1.4.178/driverlib/ccs/Debug/driverlib.lib
       gpio.obj                       378    0         0      
       sysctl.obj                     302    0         0      
    +--+------------------------------+------+---------+---------+
       Total:                         680    0         0      
                                                              
    C:\ti\ccs1120\ccs\tools\compiler\ti-cgt-arm_20.2.5.LTS\lib\rtsv7M4_T_le_v4SPD16_eabi.lib
       boot_cortex_m.c.obj            44     0         0      
       exit.c.obj                     4      0         0      
       pre_init.c.obj                 4      0         0      
    +--+------------------------------+------+---------+---------+
       Total:                         52     0         0      
                                                              
       Stack:                         0      0         512    
    +--+------------------------------+------+---------+---------+
       Grand Total:                   1096   620       512    


GLOBAL SYMBOLS: SORTED ALPHABETICALLY BY Name 

address   name                   
-------   ----                   
000006b3  C$$EXIT                
00000655  GPIODirModeSet         
000003cd  GPIOPadConfigSet       
0000067f  GPIOPinTypeGPIOOutput  
000006a3  GPIOPinWrite           
000002e3  LCD_Command            
00000327  LCD_Data               
0000028f  LCD_Init               
00000387  LCD_PulseEnable        
0000036b  LCD_String             
00000697  ResetISR               
00000501  SysCtlClockSet         
000006a9  SysCtlDelay            
000005f5  SysCtlPeripheralEnable 
20000200  __STACK_END            
00000200  __STACK_SIZE           
20000200  __STACK_TOP            
ffffffff  __TI_pprof_out_hndl    
ffffffff  __TI_prof_data_size    
ffffffff  __TI_prof_data_start   
00000000  __TI_static_base__     
ffffffff  __binit__              
ffffffff  __c_args__             
UNDEFED   __mpu_init             
20000000  __stack                
20000000  __start___llvm_prf_cnts
20000000  __stop___llvm_prf_cnts 
00000629  _c_int00_noinit_noargs 
000006af  _system_pre_init       
000006b3  abort                  
ffffffff  binit                  
00000000  g_pfnVectors           
0000026d  main                   


GLOBAL SYMBOLS: SORTED BY Symbol Address 

address   name                   
-------   ----                   
00000000  __TI_static_base__     
00000000  g_pfnVectors           
00000200  __STACK_SIZE           
0000026d  main                   
0000028f  LCD_Init               
000002e3  LCD_Command            
00000327  LCD_Data               
0000036b  LCD_String             
00000387  LCD_PulseEnable        
000003cd  GPIOPadConfigSet       
00000501  SysCtlClockSet         
000005f5  SysCtlPeripheralEnable 
00000629  _c_int00_noinit_noargs 
00000655  GPIODirModeSet         
0000067f  GPIOPinTypeGPIOOutput  
00000697  ResetISR               
000006a3  GPIOPinWrite           
000006a9  SysCtlDelay            
000006af  _system_pre_init       
000006b3  C$$EXIT                
000006b3  abort                  
20000000  __stack                
20000000  __start___llvm_prf_cnts
20000000  __stop___llvm_prf_cnts 
20000200  __STACK_END            
20000200  __STACK_TOP            
ffffffff  __TI_pprof_out_hndl    
ffffffff  __TI_prof_data_size    
ffffffff  __TI_prof_data_start   
ffffffff  __binit__              
ffffffff  __c_args__             
ffffffff  binit                  
UNDEFED   __mpu_init             

[33 symbols]
